yarn run v1.22.22
$ ts-node -r tsconfig-paths/register test/test.config.ts --unit --reporter dot
